### Hi there ðŸ‘‹

Sahil Attar@SahilAttar MINGW64 /e/GIT HUB
$ mkdir sahil-attar

Sahil Attar@SahilAttar MINGW64 /e/GIT HUB
$ cd sahil-attar

Sahil Attar@SahilAttar MINGW64 /e/GIT HUB/sahil-attar
$ ls

Sahil Attar@SahilAttar MINGW64 /e/GIT HUB/sahil-attar
$ dir

Sahil Attar@SahilAttar MINGW64 /e/GIT HUB/sahil-attar
$ ls

Sahil Attar@SahilAttar MINGW64 /e/GIT HUB/sahil-attar
$ dir

Sahil Attar@SahilAttar MINGW64 /e/GIT HUB/sahil-attar
$ git status
fatal: not a git repository (or any of the parent directories): .git

Sahil Attar@SahilAttar MINGW64 /e/GIT HUB/sahil-attar
$ status
bash: status: command not found

Sahil Attar@SahilAttar MINGW64 /e/GIT HUB/sahil-attar
$ status
bash: status: command not found

Sahil Attar@SahilAttar MINGW64 /e/GIT HUB/sahil-attar
$ git init
Initialized empty Git repository in E:/GIT HUB/sahil-attar/.git/

Sahil Attar@SahilAttar MINGW64 /e/GIT HUB/sahil-attar (master)
$ git add aboutme.txt
fatal: pathspec 'aboutme.txt' did not match any files

